// Jest Snapshot v1, https://goo.gl/fbAQLP

exports[`<Checkbox /> render matches snapshot 1`] = `
<styled.div>
  <WithStyles(WithFormControlContext(FormControlLabel))
    control={<ForwardRef />}
  />
</styled.div>
`;
