// Jest Snapshot v1, https://goo.gl/fbAQLP

exports[`<Search /> render matches snapshot 1`] = `<Connect(SearchContainer) />`;
