// Jest Snapshot v1, https://goo.gl/fbAQLP

exports[`withUser HOC render connected component 1`] = `<Connect(MockComponent) />`;
