// Jest Snapshot v1, https://goo.gl/fbAQLP

exports[`withSearchIndexes HOC render connected component 1`] = `
<Connect(MockComponent)
  indexes={Array []}
/>
`;
