// Jest Snapshot v1, https://goo.gl/fbAQLP

exports[`markdown parseMarkdown returns parsed markdown 1`] = `
Array [
  Token {
    "attrs": null,
    "block": true,
    "children": null,
    "content": "",
    "hidden": false,
    "info": "",
    "level": 0,
    "map": Array [
      0,
      1,
    ],
    "markup": "###",
    "meta": null,
    "nesting": 1,
    "tag": "h3",
    "type": "heading_open",
  },
  Token {
    "attrs": null,
    "block": true,
    "children": Array [
      Token {
        "attrs": null,
        "block": false,
        "children": null,
        "content": "Hello",
        "hidden": false,
        "info": "",
        "level": 0,
        "map": null,
        "markup": "",
        "meta": null,
        "nesting": 0,
        "tag": "",
        "type": "text",
      },
    ],
    "content": "Hello",
    "hidden": false,
    "info": "",
    "level": 1,
    "map": Array [
      0,
      1,
    ],
    "markup": "",
    "meta": null,
    "nesting": 0,
    "tag": "",
    "type": "inline",
  },
  Token {
    "attrs": null,
    "block": true,
    "children": null,
    "content": "",
    "hidden": false,
    "info": "",
    "level": 0,
    "map": null,
    "markup": "###",
    "meta": null,
    "nesting": -1,
    "tag": "h3",
    "type": "heading_close",
  },
]
`;

exports[`markdown renderMarkdown returns rendererd markdown 1`] = `
"<h3>Hello</h3>
"
`;
