// Jest Snapshot v1, https://goo.gl/fbAQLP

exports[`common actions extractData returns array of unique relationship ids based on schema 1`] = `
Object {
  "bar": Array [
    "foo",
  ],
}
`;
