// Jest Snapshot v1, https://goo.gl/fbAQLP

exports[`<Form /> render matches snapshot 1`] = `
<Formik
  enableReinitialize={false}
  isInitialValid={false}
  validateOnBlur={true}
  validateOnChange={true}
>
  <Component />
</Formik>
`;
