// Jest Snapshot v1, https://goo.gl/fbAQLP

exports[`hotel actions fetchHotelAction returns action 1`] = `
Object {
  "type": "HOTEL",
}
`;
