// Jest Snapshot v1, https://goo.gl/fbAQLP

exports[`<Layout /> render matches snapshot 1`] = `
<Fragment>
  <Layoutstyles__StyledLayout>
    <SnackbarProvider
      TransitionComponent={
        Object {
          "$$typeof": Symbol(react.forward_ref),
          "propTypes": Object {
            "children": [Function],
            "direction": [Function],
            "in": [Function],
            "onEnter": [Function],
            "onEntering": [Function],
            "onExit": [Function],
            "onExited": [Function],
            "style": [Function],
            "timeout": [Function],
          },
          "render": [Function],
        }
      }
      anchorOrigin={
        Object {
          "horizontal": "right",
          "vertical": "top",
        }
      }
      autoHideDuration={5000}
      classes={Object {}}
      dense={false}
      hideIconVariant={false}
      iconVariant={Object {}}
      maxSnack={3}
      preventDuplicate={false}
    >
      <Memo(WithSnackbar(withNotifications(Notifications))) />
    </SnackbarProvider>
    <Memo(oc)
      attributes={Object {}}
      enabled={true}
    />
    <Layoutstyles__LayoutHeader
      currentPath=""
    />
    <Layoutstyles__LayoutChildren>
      <h1>
        Some content
      </h1>
    </Layoutstyles__LayoutChildren>
    <Layoutstyles__LayoutFooter
      currentPath=""
    />
  </Layoutstyles__StyledLayout>
</Fragment>
`;
