// Jest Snapshot v1, https://goo.gl/fbAQLP

exports[`<Hotel /> render matches snapshot 1`] = `<Connect(withRouter(withUser())) />`;
