// Jest Snapshot v1, https://goo.gl/fbAQLP

exports[`<SetPasswordForm /> render matches snapshot 1`] = `
<Redirect
  push={false}
  to="/"
/>
`;
