// Jest Snapshot v1, https://goo.gl/fbAQLP

exports[`bookings reducer should handle BOOKING_UPDATE 1`] = `Object {}`;
