// Jest Snapshot v1, https://goo.gl/fbAQLP

exports[`pages reducer should handle AUTH_SIGN_UP 1`] = `Object {}`;

exports[`pages reducer should handle AUTH_SIGN_UP_ERROR 1`] = `Object {}`;

exports[`pages reducer should handle AUTH_SIGN_UP_SUCCESS 1`] = `Object {}`;
