// Jest Snapshot v1, https://goo.gl/fbAQLP

exports[`<UserPanel /> render matches snapshot 1`] = `""`;
